.gitignore
COPYRIGHT.rst
LICENSE
lib/disco/README
lib/geo/__init__.py
lib/qr/__init__.py
lib/unicodedata2.py
misc/halloween.xls
misc/tweet-volume.xls
sphinx/Makefile
sphinx/conf.py
tests/README
tests/twitter/README
tests/twitter/tweets/ids.txt
