$ (echo -e 'foo bar baz\nfoo foo' > foo1.txt)
$ (echo -e 'bar' > foo2.txt)
$ (cat foo*.txt)
foo bar baz
foo foo
bar
$ (quacreduce --python qr.wordcount.Job --pyargs 'factor:2' foo*.txt)
$ make --quiet
$ (cat out/* | sort)
2 baz
4 bar
6 foo
